// Jest Snapshot v1, https://goo.gl/fbAQLP

exports[`VirtualizedMessageList should render the list without any message 1`] = `
<div
  className="str-chat str-chat-channel messaging light"
>
  <div
    className="str-chat__container"
  >
    <div
      className="str-chat__virtual-list"
    >
      <div
        style={
          Object {
            "WebkitOverflowScrolling": "touch",
            "height": "100%",
            "outline": "none",
            "overflowY": "auto",
            "position": "relative",
          }
        }
        tabIndex={0}
      >
        <div
          style={
            Object {
              "height": "100%",
              "position": "absolute",
              "top": 0,
              "width": "100%",
            }
          }
        >
          <div
            style={
              Object {
                "marginTop": "0px",
              }
            }
          >
            <header />
            <footer />
          </div>
        </div>
        <div
          style={
            Object {
              "height": "0px",
              "position": "absolute",
              "top": 0,
            }
          }
        >
           
        </div>
      </div>
      <div
        className="str-chat__list-notifications"
      />
    </div>
  </div>
</div>
`;
