// Vitest Snapshot v1, https://vitest.dev/guide/snapshot.html

exports[`VirtualizedMessageList > should render the list without any message 1`] = `
<div>
  <div
    class="str-chat messaging light str-chat__channel"
    id="str-chat__channel"
  >
    <div
      class="str-chat__container"
    >
      <div
        class="str-chat__main-panel-inner str-chat__message-list-main-panel"
      >
        <div
          class="str-chat__virtual-list"
        >
          <div
            class="str-chat__message-list-scroll"
            data-test-id="virtuoso-scroller"
            data-virtuoso-scroller="true"
            style="height: 100%; outline: none; overflow-y: auto; position: relative; overflow-x: hidden;"
            tabindex="0"
          >
            <div
              data-viewport-type="element"
              style="width: 100%; height: 100%; position: absolute; top: 0px;"
            >
              <div />
              <div
                class="str-chat__empty-channel"
              >
                <svg
                  class="str-chat__icon str-chat__icon--bubble-2-chat-message"
                  viewBox="0 0 16 16"
                  xmlns="http://www.w3.org/2000/svg"
                >
                  <path
                    d="M3.16799 2.5H12.8347C13.571 2.5 14.168 3.09695 14.168 3.83333V10.8333C14.168 11.5697 13.571 12.1667 12.8347 12.1667H8.00136L4.66799 14V12.1667H3.16799C2.43161 12.1667 1.83466 11.5697 1.83466 10.8333V3.83333C1.83466 3.09695 2.43161 2.5 3.16799 2.5Z"
                    fill="none"
                    stroke="currentColor"
                    stroke-linecap="round"
                    stroke-linejoin="round"
                    stroke-width="1.2"
                  />
                </svg>
                <p
                  class="str-chat__empty-channel-text"
                  role="listitem"
                >
                  Send a message to start the conversation
                </p>
              </div>
            </div>
          </div>
        </div>
      </div>
    </div>
  </div>
</div>
`;
