// Jest Snapshot v1, https://goo.gl/fbAQLP

exports[`LoadingChannels should render component with default props 1`] = `
<div>
  <div
    class="str-chat__loading-channels"
  >
    <div
      class="str-chat__channel-list-item-container"
    >
      <div
        aria-hidden="true"
        class="str-chat__channel-list-item str-chat__channel-list-item--loading"
      >
        <div
          class="str-chat__loading-channels-avatar"
        />
        <div
          class="str-chat__channel-list-item-data str-chat__channel-list-item-data--loading"
        >
          <div
            class="str-chat__loading-channels-username"
          />
          <div
            class="str-chat__loading-channels-status"
          />
        </div>
      </div>
    </div>
    <div
      class="str-chat__channel-list-item-container"
    >
      <div
        aria-hidden="true"
        class="str-chat__channel-list-item str-chat__channel-list-item--loading"
      >
        <div
          class="str-chat__loading-channels-avatar"
        />
        <div
          class="str-chat__channel-list-item-data str-chat__channel-list-item-data--loading"
        >
          <div
            class="str-chat__loading-channels-username"
          />
          <div
            class="str-chat__loading-channels-status"
          />
        </div>
      </div>
    </div>
    <div
      class="str-chat__channel-list-item-container"
    >
      <div
        aria-hidden="true"
        class="str-chat__channel-list-item str-chat__channel-list-item--loading"
      >
        <div
          class="str-chat__loading-channels-avatar"
        />
        <div
          class="str-chat__channel-list-item-data str-chat__channel-list-item-data--loading"
        >
          <div
            class="str-chat__loading-channels-username"
          />
          <div
            class="str-chat__loading-channels-status"
          />
        </div>
      </div>
    </div>
    <div
      class="str-chat__channel-list-item-container"
    >
      <div
        aria-hidden="true"
        class="str-chat__channel-list-item str-chat__channel-list-item--loading"
      >
        <div
          class="str-chat__loading-channels-avatar"
        />
        <div
          class="str-chat__channel-list-item-data str-chat__channel-list-item-data--loading"
        >
          <div
            class="str-chat__loading-channels-username"
          />
          <div
            class="str-chat__loading-channels-status"
          />
        </div>
      </div>
    </div>
    <div
      class="str-chat__channel-list-item-container"
    >
      <div
        aria-hidden="true"
        class="str-chat__channel-list-item str-chat__channel-list-item--loading"
      >
        <div
          class="str-chat__loading-channels-avatar"
        />
        <div
          class="str-chat__channel-list-item-data str-chat__channel-list-item-data--loading"
        >
          <div
            class="str-chat__loading-channels-username"
          />
          <div
            class="str-chat__loading-channels-status"
          />
        </div>
      </div>
    </div>
  </div>
</div>
`;
