// Vitest Snapshot v1, https://vitest.dev/guide/snapshot.html

exports[`LoadingChannel > should render component with default props 1`] = `
<div>
  <div
    class="str-chat__loading-channel"
  >
    <div
      class="str-chat__channel-header str-chat__channel-header--loading"
    >
      <div
        class="str-chat__channel-header__data str-chat__channel-header__data--loading"
      >
        <div
          class="str-chat__loading-channel-header-name"
        />
      </div>
      <div
        class="str-chat__loading-channel-header-avatar"
      />
    </div>
    <div
      class="str-chat__message-list str-chat__message-list--loading"
    >
      <div
        class="str-chat__message-list-scroll"
      >
        <div
          class="str-chat__loading-channel-message-list"
        >
          <div
            class="str-chat__loading-channel-message str-chat__loading-channel-message--incoming"
          >
            <div
              class="str-chat__loading-channel-message-avatar"
            />
            <div
              class="str-chat__loading-channel-message-content"
            >
              <div
                class="str-chat__loading-channel-message-bubble str-chat__loading-channel-message-bubble--lg"
              />
              <div
                class="str-chat__loading-channel-message-metadata str-chat__loading-channel-message-metadata--md"
              />
            </div>
          </div>
          <div
            class="str-chat__loading-channel-message str-chat__loading-channel-message--outgoing"
          >
            <div
              class="str-chat__loading-channel-message-content"
            >
              <div
                class="str-chat__loading-channel-message-bubble str-chat__loading-channel-message-bubble--md"
              />
              <div
                class="str-chat__loading-channel-message-metadata str-chat__loading-channel-message-metadata--sm"
              />
            </div>
          </div>
          <div
            class="str-chat__loading-channel-message str-chat__loading-channel-message--incoming"
          >
            <div
              class="str-chat__loading-channel-message-avatar"
            />
            <div
              class="str-chat__loading-channel-message-content"
            >
              <div
                class="str-chat__loading-channel-message-bubble str-chat__loading-channel-message-bubble--lg"
              />
              <div
                class="str-chat__loading-channel-message-metadata str-chat__loading-channel-message-metadata--md"
              />
            </div>
          </div>
        </div>
      </div>
    </div>
    <div
      class="str-chat__message-composer-container str-chat__message-composer-container--loading"
    >
      <div
        class="str-chat__message-composer"
      >
        <div
          class="str-chat__loading-channel-message-input-button"
        />
        <div
          class="str-chat__loading-channel-message-input-pill"
        />
      </div>
    </div>
  </div>
</div>
`;
