// Vitest Snapshot v1, https://vitest.dev/guide/snapshot.html

exports[`Image > should render component with default props 1`] = `
<div>
  <div
    class="str-chat__modal-gallery"
  >
    <button
      aria-label="Open image in gallery"
      class="str-chat__modal-gallery__image str-chat__modal-gallery__image--loading"
      type="button"
    >
      <img
        alt="User uploaded content"
        class="str-chat__base-image"
        data-testid="str-chat__base-image"
        src="https://placeimg.com/640/480/any"
      />
      <div
        aria-hidden="true"
        class="str-chat__modal-gallery__image-loading-overlay"
        data-testid="str-chat__modal-gallery__image-loading-overlay"
      >
        <svg
          class="str-chat__icon str-chat__icon--loading str-chat__loading-indicator"
          viewBox="0 0 20 20"
          xmlns="http://www.w3.org/2000/svg"
        >
          <path
            d="M17.5 10C17.5 14.1422 14.1422 17.5 10 17.5C5.85787 17.5 2.5 14.1422 2.5 10C2.5 5.85787 5.85787 2.5 10 2.5C14.1422 2.5 17.5 5.85787 17.5 10Z"
            fill="none"
            stroke="currentColor"
            stroke-opacity="0.3"
            stroke-width="2"
          />
          <path
            d="M17.4544 10.8334C17.0701 14.3097 14.3098 17.07 10.8335 17.4543"
            fill="none"
            stroke="currentColor"
            stroke-linecap="round"
            stroke-width="2"
          />
        </svg>
      </div>
    </button>
  </div>
  <div>
    <div
      class="str-chat__gallery"
    >
      <div
        class="str-chat__gallery__main"
      >
        <div
          class="str-chat__gallery__header"
        >
          <div
            aria-hidden="true"
            class="str-chat__gallery__header-spacer"
          />
          <div
            class="str-chat__gallery__header-meta"
          >
            <div
              class="str-chat__gallery__title"
            >
              User uploaded content
            </div>
          </div>
          <div
            class="str-chat__gallery__header-actions"
          >
            <a
              aria-label="Download attachment"
              class="str-chat__gallery__action-button str-chat__gallery__action-button--download"
              download=""
              href="https://placeimg.com/640/480/any"
              rel="noreferrer"
              target="_blank"
              title="Download attachment"
            >
              <svg
                class="str-chat__icon str-chat__icon--arrow-down-circle"
                viewBox="0 0 20 20"
                xmlns="http://www.w3.org/2000/svg"
              >
                <path
                  d="M7.5 10.625L10 13.125M10 13.125L12.5 10.625M10 13.125V6.875M17.5 10C17.5 14.1421 14.1421 17.5 10 17.5C5.85786 17.5 2.5 14.1421 2.5 10C2.5 5.85786 5.85786 2.5 10 2.5C14.1421 2.5 17.5 5.85786 17.5 10Z"
                  fill="none"
                  stroke="currentColor"
                  stroke-linecap="round"
                  stroke-linejoin="round"
                  stroke-width="1.5"
                />
              </svg>
            </a>
          </div>
        </div>
        <button
          aria-label="Previous image"
          class="str-chat__button str-chat__gallery__nav-button str-chat__gallery__nav-button--prev str-chat__gallery__nav-button--hidden"
          disabled=""
          type="button"
        >
          <div
            class="str-chat__button__content"
          >
            <svg
              class="str-chat__icon str-chat__icon--chevron-left"
              viewBox="0 0 20 20"
              xmlns="http://www.w3.org/2000/svg"
            >
              <path
                d="M12.5 16.25L6.25 10L12.5 3.75"
                fill="none"
                stroke="currentColor"
                stroke-linecap="round"
                stroke-linejoin="round"
                stroke-width="1.5"
              />
            </svg>
          </div>
        </button>
        <div
          class="str-chat__gallery__slide-container"
        >
          <div
            class=""
          >
            <div
              class="str-chat__gallery__media str-chat__gallery__media--image"
            >
              <img
                class="str-chat__base-image"
                data-testid="str-chat__base-image"
                src="https://placeimg.com/640/480/any"
              />
            </div>
          </div>
        </div>
        <button
          aria-label="Next image"
          class="str-chat__button str-chat__gallery__nav-button str-chat__gallery__nav-button--next str-chat__gallery__nav-button--hidden"
          disabled=""
          type="button"
        >
          <div
            class="str-chat__button__content"
          >
            <svg
              class="str-chat__icon str-chat__icon--chevron-right"
              viewBox="0 0 20 20"
              xmlns="http://www.w3.org/2000/svg"
            >
              <path
                d="M7.5 3.75L13.75 10L7.5 16.25"
                fill="none"
                stroke="currentColor"
                stroke-linecap="round"
                stroke-linejoin="round"
                stroke-width="1.5"
              />
            </svg>
          </div>
        </button>
      </div>
    </div>
  </div>
</div>
`;
