// Jest Snapshot v1, https://goo.gl/fbAQLP

exports[`MessageStatus renders default sending UI 1`] = `
<span
  class="str-chat__message-simple-status str-chat__message-status str-chat__message-status-sending"
  data-testid="message-status-sending"
>
  <div
    class="str-chat__loading-indicator"
    data-testid="loading-indicator-wrapper"
    style="height: 15px; width: 15px;"
  >
    <svg
      height="15"
      viewBox="0 0 30 30"
      width="15"
      xmlns="http://www.w3.org/2000/svg"
    >
      <defs>
        <lineargradient
          id="a"
          x1="50%"
          x2="50%"
          y1="0%"
          y2="100%"
        >
          <stop
            offset="0%"
            stop-color="#FFF"
            stop-opacity="0"
          />
          <stop
            data-testid="loading-indicator-circle"
            offset="100%"
            stop-color="#006CFF"
            stop-opacity="1"
            style="stop-color: rgb(0, 108, 255);"
          />
        </lineargradient>
      </defs>
      <path
        d="M2.518 23.321l1.664-1.11A12.988 12.988 0 0 0 15 28c7.18 0 13-5.82 13-13S22.18 2 15 2V0c8.284 0 15 6.716 15 15 0 8.284-6.716 15-15 15-5.206 0-9.792-2.652-12.482-6.679z"
        fill="url(#a)"
        fill-rule="evenodd"
      />
    </svg>
  </div>
</span>
`;
