// Jest Snapshot v1, https://goo.gl/fbAQLP

exports[`ChannelPreviewMessenger should render correctly 1`] = `
<div
  aria-label="Select Channel"
  role="listbox"
>
  <button
    aria-label="Select Channel: Channel name"
    className="str-chat__channel-preview-messenger str-chat__channel-preview str-chat__channel-preview-messenger--unread"
    data-testid="channel-preview-button"
    onClick={[Function]}
    role="option"
  >
    <div
      className="str-chat__channel-preview-messenger--left"
    >
      <div
        className="str-chat__avatar str-chat__avatar--circle str-chat__message-sender-avatar"
        data-testid="avatar"
        onClick={[Function]}
        onMouseOver={[Function]}
        style={
          Object {
            "flexBasis": "40px",
            "fontSize": "20px",
            "height": "40px",
            "lineHeight": "40px",
            "width": "40px",
          }
        }
        title="Channel name"
      >
        <img
          alt="C"
          className="str-chat__avatar-image"
          data-testid="avatar-img"
          onError={[Function]}
          onLoad={[Function]}
          src="https://randomimage.com/src.jpg"
          style={
            Object {
              "flexBasis": "40px",
              "height": "40px",
              "objectFit": "cover",
              "width": "40px",
            }
          }
        />
      </div>
    </div>
    <div
      className="str-chat__channel-preview-messenger--right str-chat__channel-preview-end"
    >
      <div
        className="str-chat__channel-preview-end-first-row"
      >
        <div
          className="str-chat__channel-preview-messenger--name"
        >
          <span>
            Channel name
          </span>
        </div>
        <div
          className="str-chat__channel-preview-unread-badge"
          data-testid="unread-badge"
        >
          10
        </div>
      </div>
      <div
        className="str-chat__channel-preview-messenger--last-message"
      >
        Latest message!
      </div>
    </div>
  </button>
</div>
`;
