// Jest Snapshot v1, https://goo.gl/fbAQLP

exports[`ChannelPreviewCompact should render correctly 1`] = `
<button
  className="str-chat__channel-preview-compact  "
  data-testid="channel-preview-button"
  onClick={[Function]}
>
  <div
    className="str-chat__channel-preview-compact--left"
  >
    <div
      className="str-chat__avatar str-chat__avatar--circle"
      data-testid="avatar"
      onClick={[Function]}
      onMouseOver={[Function]}
      style={
        Object {
          "flexBasis": "20px",
          "fontSize": "10px",
          "height": "20px",
          "lineHeight": "20px",
          "width": "20px",
        }
      }
      title="Channel name"
    >
      <img
        alt="C"
        className="str-chat__avatar-image"
        data-testid="avatar-img"
        onError={[Function]}
        onLoad={[Function]}
        src="https://randomimage.com/src.jpg"
        style={
          Object {
            "flexBasis": "20px",
            "height": "20px",
            "objectFit": "cover",
            "width": "20px",
          }
        }
      />
    </div>
  </div>
  <div
    className="str-chat__channel-preview-compact--right"
  >
    Channel name
  </div>
</button>
`;
