// Jest Snapshot v1, https://goo.gl/fbAQLP

exports[`AttachmentPreviewList should render custom BaseImage component 1`] = `
<div>
  <div
    class="str-chat messaging light str-chat__channel"
    id="str-chat__channel"
  >
    <div
      class="str-chat__container"
    >
      <div
        class="str-chat__attachment-preview-list"
        data-testid="attachment-preview-list"
      >
        <div
          aria-label="Download attachment"
          class="str-chat__attachment-preview-media str-chat__attachment-preview-media--uploading"
          data-testid="attachment-preview-media"
          tabindex="-1"
        >
          <div
            class="str-chat__attachment-preview-media__thumbnail-wrapper"
          >
            <img
              alt="image-upload-1"
              class="str-chat__attachment-preview-media__thumbnail"
              data-testid="custom-base-image"
              src="image-preview-uri"
              title="image-upload-1"
            />
            <div
              class="str-chat__attachment-preview-media__overlay"
            >
              <div
                class="str-chat__loading-indicator"
              >
                <svg
                  data-testid="loading-indicator"
                  viewBox="0 0 30 30"
                  xmlns="http://www.w3.org/2000/svg"
                >
                  <defs>
                    <lineargradient
                      id="randomNanoId-linear-gradient"
                      x1="50%"
                      x2="50%"
                      y1="0%"
                      y2="100%"
                    >
                      <stop
                        offset="0%"
                        stop-color="#FFF"
                        stop-opacity="0"
                      />
                      <stop
                        data-testid="stop-color"
                        offset="100%"
                        stop-opacity="1"
                      />
                    </lineargradient>
                  </defs>
                  <path
                    d="M2.518 23.321l1.664-1.11A12.988 12.988 0 0 0 15 28c7.18 0 13-5.82 13-13S22.18 2 15 2V0c8.284 0 15 6.716 15 15 0 8.284-6.716 15-15 15-5.206 0-9.792-2.652-12.482-6.679z"
                    fill="url(#randomNanoId-linear-gradient)"
                    fill-rule="evenodd"
                  />
                </svg>
              </div>
            </div>
          </div>
          <button
            aria-label="Remove attachment"
            class="str-chat__button str-chat__button--secondary str-chat__button--solid str-chat__button--circular str-chat__attachment-preview__remove-button"
            data-testid="video-preview-item-delete-button"
            disabled=""
            type="button"
          >
            <div
              class="str-chat__button__content"
            >
              <svg
                class="str-chat__icon str-chat__icon--cross-small"
                viewBox="0 0 16 16"
                xmlns="http://www.w3.org/2000/svg"
              >
                <path
                  d="M10.4089 4.74281C10.6432 4.5085 11.0232 4.5085 11.2575 4.74281C11.4916 4.97709 11.4916 5.3562 11.2575 5.59047L8.84733 7.99965L11.2575 10.4088C11.4918 10.6431 11.4918 11.0231 11.2575 11.2575C11.0232 11.4918 10.6432 11.4918 10.4089 11.2575L7.99967 8.84731L5.59049 11.2575C5.35622 11.4916 4.97711 11.4916 4.74284 11.2575C4.50852 11.0231 4.50852 10.6431 4.74284 10.4088L7.15104 7.99965L4.74284 5.59047C4.50852 5.35616 4.50852 4.97713 4.74284 4.74281C4.97715 4.5085 5.35618 4.5085 5.59049 4.74281L7.99967 7.15102L10.4089 4.74281Z"
                />
              </svg>
            </div>
          </button>
        </div>
        <div
          aria-label="Download attachment"
          class="str-chat__attachment-preview-media str-chat__attachment-preview-media--uploading"
          data-testid="attachment-preview-media"
          tabindex="-1"
        >
          <div
            class="str-chat__attachment-preview-media__thumbnail-wrapper"
          >
            <img
              alt="image-upload-2"
              class="str-chat__attachment-preview-media__thumbnail"
              data-testid="custom-base-image"
              src="image-preview-uri"
              title="image-upload-2"
            />
            <div
              class="str-chat__attachment-preview-media__overlay"
            >
              <div
                class="str-chat__loading-indicator"
              >
                <svg
                  data-testid="loading-indicator"
                  viewBox="0 0 30 30"
                  xmlns="http://www.w3.org/2000/svg"
                >
                  <defs>
                    <lineargradient
                      id="randomNanoId-linear-gradient"
                      x1="50%"
                      x2="50%"
                      y1="0%"
                      y2="100%"
                    >
                      <stop
                        offset="0%"
                        stop-color="#FFF"
                        stop-opacity="0"
                      />
                      <stop
                        data-testid="stop-color"
                        offset="100%"
                        stop-opacity="1"
                      />
                    </lineargradient>
                  </defs>
                  <path
                    d="M2.518 23.321l1.664-1.11A12.988 12.988 0 0 0 15 28c7.18 0 13-5.82 13-13S22.18 2 15 2V0c8.284 0 15 6.716 15 15 0 8.284-6.716 15-15 15-5.206 0-9.792-2.652-12.482-6.679z"
                    fill="url(#randomNanoId-linear-gradient)"
                    fill-rule="evenodd"
                  />
                </svg>
              </div>
            </div>
          </div>
          <button
            aria-label="Remove attachment"
            class="str-chat__button str-chat__button--secondary str-chat__button--solid str-chat__button--circular str-chat__attachment-preview__remove-button"
            data-testid="video-preview-item-delete-button"
            disabled=""
            type="button"
          >
            <div
              class="str-chat__button__content"
            >
              <svg
                class="str-chat__icon str-chat__icon--cross-small"
                viewBox="0 0 16 16"
                xmlns="http://www.w3.org/2000/svg"
              >
                <path
                  d="M10.4089 4.74281C10.6432 4.5085 11.0232 4.5085 11.2575 4.74281C11.4916 4.97709 11.4916 5.3562 11.2575 5.59047L8.84733 7.99965L11.2575 10.4088C11.4918 10.6431 11.4918 11.0231 11.2575 11.2575C11.0232 11.4918 10.6432 11.4918 10.4089 11.2575L7.99967 8.84731L5.59049 11.2575C5.35622 11.4916 4.97711 11.4916 4.74284 11.2575C4.50852 11.0231 4.50852 10.6431 4.74284 10.4088L7.15104 7.99965L4.74284 5.59047C4.50852 5.35616 4.50852 4.97713 4.74284 4.74281C4.97715 4.5085 5.35618 4.5085 5.59049 4.74281L7.99967 7.15102L10.4089 4.74281Z"
                />
              </svg>
            </div>
          </button>
        </div>
      </div>
    </div>
  </div>
</div>
`;
