// Jest Snapshot v1, https://goo.gl/fbAQLP

exports[`ChannelPreviewMessenger should render correctly 1`] = `
<div>
  <div
    aria-label="Select Channel"
    role="listbox"
  >
    <div
      class="str-chat__channel-list-item-container"
    >
      <button
        aria-label="Select Channel: Channel name"
        class="str-chat__channel-list-item str-chat__channel-list-item--unread"
        data-testid="channel-list-item-button"
        role="option"
      >
        <div
          class="str-chat__avatar str-chat__avatar--multiple-letters str-chat__avatar--size-xl"
          data-testid="avatar"
          role="button"
          title="Channel name"
        >
          <img
            alt="Cn"
            class="str-chat__avatar-image"
            data-testid="avatar-img"
            src="https://randomimage.com/src.jpg"
          />
        </div>
        <div
          class="str-chat__channel-list-item-data"
        >
          <div
            class="str-chat__channel-list-item-data__first-row"
          >
            <div
              class="str-chat__channel-list-item-data__title"
            >
              <span>
                Channel name
              </span>
            </div>
            <div
              class="str-chat__channel-list-item-data__timestamp-and-badge"
            >
              <div
                class="str-chat__badge str-chat__badge--variant-primary str-chat__badge--size-md"
                data-testid="unread-badge"
              >
                10
              </div>
            </div>
          </div>
          <div
            class="str-chat__summarized-message-preview str-chat__summarized-message-preview--empty"
          >
            <span
              class="str-chat__summarized-message-preview__text"
            >
              Nothing yet...
            </span>
          </div>
        </div>
      </button>
    </div>
  </div>
</div>
`;
