// Jest Snapshot v1, https://goo.gl/fbAQLP

exports[`AttachmentActions should render AttachmentActions component 1`] = `
<div>
  <div
    class="str-chat__message-attachment-actions"
  >
    <div
      class="str-chat__message-attachment-actions-form"
    >
      <span />
      <button
        class="str-chat__message-attachment-actions-button str-chat__message-attachment-actions-button--undefined"
        data-testid="action 1 name"
        data-value="action 1"
      >
        action 1 text
      </button>
      <button
        class="str-chat__message-attachment-actions-button str-chat__message-attachment-actions-button--undefined"
        data-testid="action 2 name"
        data-value="action 2"
      >
        action 2 text
      </button>
    </div>
  </div>
</div>
`;
