// Jest Snapshot v1, https://goo.gl/fbAQLP

exports[`DateSeparator Position prop should render correctly with position==="center" 1`] = `
<div
  className="str-chat__date-separator"
>
  <hr
    className="str-chat__date-separator-line"
  />
  <div
    className="str-chat__date-separator-date"
  >
    the date
  </div>
  <hr
    className="str-chat__date-separator-line"
  />
</div>
`;

exports[`DateSeparator Position prop should render correctly with position==="left" 1`] = `
<div
  className="str-chat__date-separator"
>
  <div
    className="str-chat__date-separator-date"
  >
    the date
  </div>
  <hr
    className="str-chat__date-separator-line"
  />
</div>
`;

exports[`DateSeparator Position prop should render correctly with position==="right", and it should match the default 1`] = `
<div
  className="str-chat__date-separator"
>
  <hr
    className="str-chat__date-separator-line"
  />
  <div
    className="str-chat__date-separator-date"
  >
    the date
  </div>
</div>
`;
